?   	github.com/0chain/blobber/code/go/0chain.net/blobber	[no test files]
ok  	github.com/0chain/blobber/code/go/0chain.net/blobbercore/allocation	1.532s
?   	github.com/0chain/blobber/code/go/0chain.net/blobbercore/automigration	[no test files]
?   	github.com/0chain/blobber/code/go/0chain.net/blobbercore/blobbergrpc/proto	[no test files]
?   	github.com/0chain/blobber/code/go/0chain.net/blobbercore/blobbergrpc/proto/google/api	[no test files]
?   	github.com/0chain/blobber/code/go/0chain.net/blobbercore/blobberhttp	[no test files]
?   	github.com/0chain/blobber/code/go/0chain.net/blobbercore/challenge	[no test files]
?   	github.com/0chain/blobber/code/go/0chain.net/blobbercore/config	[no test files]
?   	github.com/0chain/blobber/code/go/0chain.net/blobbercore/convert	[no test files]
?   	github.com/0chain/blobber/code/go/0chain.net/blobbercore/datastore	[no test files]
ok  	github.com/0chain/blobber/code/go/0chain.net/blobbercore/filestore	0.624s
0chain-core-sdk: [INFO]   2022/04/20 12:20:26.744943 wallet.go:410: ******* Wallet SDK Version:v1.7.2-2-g3237f5c-dirty ******* (InitZCNSDK)

2022/04/20 12:20:26 [31;1m/Users/geax/code/geax/github.com/0chain/blobber/code/go/0chain.net/blobbercore/allocation/protocol.go:56 [35;1m
[0m[33m[0.049ms] [34;1m[rows:0][0m SELECT * FROM "allocations" WHERE "allocations"."tx" = 'id' ORDER BY "allocations"."id" LIMIT 1
0chain-core-sdk: [INFO]   2022/04/20 12:20:26.753075 wallet.go:410: ******* Wallet SDK Version:v1.7.2-2-g3237f5c-dirty ******* (InitZCNSDK)

2022/04/20 12:20:26 [31;1m/Users/geax/code/geax/github.com/0chain/blobber/code/go/0chain.net/blobbercore/reference/ref.go:266 [35;1mrecord not found
[0m[33m[0.102ms] [34;1m[rows:0][0m SELECT * FROM "reference_objects" WHERE "reference_objects"."allocation_id" = 'allocation id' AND "reference_objects"."lookup_hash" = 'c8a64ceaeb24328f787e49949dc14dcf21b13b64a4d4100ca7fc36511a6bbde7' AND "reference_objects"."deleted_at" IS NULL ORDER BY "reference_objects"."id" LIMIT 1

Response body: {"code":"download_file","error":"download_file: invalid file path: record not found"}


2022/04/20 12:20:26 [31;1m/Users/geax/code/geax/github.com/0chain/blobber/code/go/0chain.net/blobbercore/reference/collaborator.go:53 [35;1mrecord not found
[0m[33m[0.027ms] [34;1m[rows:0][0m SELECT count(*) FROM "collaborators" WHERE "collaborators"."client_id" = '2f34516ed8c567089b7b5572b12950db34a62a07e16770da14b15b170d0d60a9'

2022/04/20 12:20:26 [31;1m/Users/geax/code/geax/github.com/0chain/blobber/code/go/0chain.net/blobbercore/readmarker/protocol.go:80 [35;1mQuery 'INSERT INTO "read_markers" ("client_id","client_public_key","allocation_id","owner_id","timestamp","read_size","signature","payer_id","auth_ticket","redeem_required","is_suspend","status_message","created_at","updated_at") VALUES ($1,$2,$3,$4,$5,$6,$7,$8,NULL,$9,$10,$11,$12,$13) RETURNING "id"', arguments do not match: expected 14, but got 13 arguments
[0m[33m[0.285ms] [34;1m[rows:0][0m INSERT INTO "read_markers" ("client_id","client_public_key","allocation_id","owner_id","timestamp","read_size","signature","payer_id","auth_ticket","redeem_required","is_suspend","status_message","created_at","updated_at") VALUES ('2f34516ed8c567089b7b5572b12950db34a62a07e16770da14b15b170d0d60a9','bc94452950dd733de3b4498afdab30ff72741beae0b82de12b80a14430018a09ba119ff0bfe69b2a872bded33d560b58c89e071cef6ec8388268d4c3e2865083','allocation id','2f34516ed8c567089b7b5572b12950db34a62a07e16770da14b15b170d0d60a9','0',65536,'62a270b784d016ca273ac7a45bbca9d078d6f013909bd4d6d6d0f0a40068639c','2f34516ed8c567089b7b5572b12950db34a62a07e16770da14b15b170d0d60a9',NULL,true,false,'','2022-04-20 12:20:26.766','2022-04-20 12:20:26.766') RETURNING "id"

Response body: {"code":"download_file","error":"download_file: couldn't save read marker"}


2022/04/20 12:20:26 [31;1m/Users/geax/code/geax/github.com/0chain/blobber/code/go/0chain.net/blobbercore/reference/collaborator.go:53 [35;1mQuery 'SELECT count(*) FROM "collaborators" WHERE "collaborators"."client_id" = $1', arguments do not match: argument 0 expected [string - ] does not match actual [string - 213297e22c8282ff85d1d5c99f4967636fe68f842c1351b24bd497246cbd26d9]
[0m[33m[0.053ms] [34;1m[rows:0][0m SELECT count(*) FROM "collaborators" WHERE "collaborators"."client_id" = '213297e22c8282ff85d1d5c99f4967636fe68f842c1351b24bd497246cbd26d9'

2022/04/20 12:20:26 [31;1m/Users/geax/code/geax/github.com/0chain/blobber/code/go/0chain.net/blobbercore/reference/shareinfo.go:77 [35;1mQuery: could not match actual sql: "SELECT * FROM "marketplace_share_info" WHERE "marketplace_share_info"."client_id" = $1 AND "marketplace_share_info"."file_path_hash" = $2 ORDER BY "marketplace_share_info"."id" LIMIT 1" with expected regexp "SELECT count\(\*\) FROM "collaborators" WHERE"
[0m[33m[0.032ms] [34;1m[rows:0][0m SELECT * FROM "marketplace_share_info" WHERE "marketplace_share_info"."client_id" = '213297e22c8282ff85d1d5c99f4967636fe68f842c1351b24bd497246cbd26d9' AND "marketplace_share_info"."file_path_hash" = 'c8a64ceaeb24328f787e49949dc14dcf21b13b64a4d4100ca7fc36511a6bbde7' ORDER BY "marketplace_share_info"."id" LIMIT 1

Response body: {"error":"client does not have permission to download the file. share does not exist"}

Encrypted data:  02e2b8d5a7f8c27e9aaf0debf69e34dce6a3b07db793e729fce0d54e115dac687549c1260f514a32d58d2591aca66a3cf36840bf752131f3521dbbe5801618cfe239ae2491b647ef39f1110b5e1e3dff88b80c0cdc9aa1d3bf14495952d677d0fcef08d82a30d2dc88d5db908a76bed7ef97ab8fd6c42c22b84c315e8e314f4fQ}¸Ú|vÕà¡Tvt)÷âÊ–${ø…*:Ë5m†’p

2022/04/20 12:20:26 [31;1m/Users/geax/code/geax/github.com/0chain/blobber/code/go/0chain.net/blobbercore/reference/collaborator.go:53 [35;1mrecord not found
[0m[33m[0.028ms] [34;1m[rows:0][0m SELECT count(*) FROM "collaborators" WHERE "collaborators"."client_id" = '213297e22c8282ff85d1d5c99f4967636fe68f842c1351b24bd497246cbd26d9'

2022/04/20 12:20:26 [31;1m/Users/geax/code/geax/github.com/0chain/blobber/code/go/0chain.net/blobbercore/stats/filestats.go:65 [35;1mWHERE conditions required
[0m[33m[0.024ms] [34;1m[rows:0][0m UPDATE "file_stats" SET "num_of_block_downloads"=num_of_block_downloads + 1,"updated_at"='2022-04-20 12:20:26.773'

Response body: "S2w0V0EwanRmVEhjK0FMNUN5VzV4OXcycEZCdXpwdVNDT0JNcVVZVXFFUT0sQXVLNDFhZjR3bjZhcnczcjlwNDAzT2Fqc0gyM2srY3AvT0RWVGhGZHJHaDFTY0VtRDFGS010V05KWkdzcG1vODgyaEF2M1VoTWZOU0hidmxnQllZenc9PSxKQVJwZVNTLzBpbFVNeVFHYWxFQW12eGVHejBLcmtpTmhsb2VRUlVtMUNjPSxMSktzN0xIdDQ4RzJzbkhQRTBsMUpVR25vK1JLNVo5T2dDSW1LWi9ibC9FPQAAAAAAAAAAAAAAAAAAAAAAAAAAAAAAAAAAAAAAAAAAAFF9uNp8dtXgoVQCdnQp9+LKliR7+IUqOss1bYaSDXA="

2022/04/20 12:20:26 [31;1m/Users/geax/code/geax/github.com/0chain/blobber/code/go/0chain.net/blobbercore/reference/collaborator.go:53 [35;1mrecord not found
[0m[33m[0.029ms] [34;1m[rows:0][0m SELECT count(*) FROM "collaborators" WHERE "collaborators"."client_id" = '213297e22c8282ff85d1d5c99f4967636fe68f842c1351b24bd497246cbd26d9'

2022/04/20 12:20:26 [31;1m/Users/geax/code/geax/github.com/0chain/blobber/code/go/0chain.net/blobbercore/stats/filestats.go:65 [35;1mWHERE conditions required
[0m[33m[0.020ms] [34;1m[rows:0][0m UPDATE "file_stats" SET "num_of_block_downloads"=num_of_block_downloads + 1,"updated_at"='2022-04-20 12:20:26.777'

Response body: "Qlorc3h2MUZRcXJNMUpkdFNBMjBYdXFrdW8ranhHbisyYTcvOWJYeHNPTT0sQXVLNDFhZjR3bjZhcnczcjlwNDAzT2Fqc0gyM2srY3AvT0RWVGhGZHJHaDFTY0VtRDFGS010V05KWkdzcG1vODgyaEF2M1VoTWZOU0hidmxnQllZenc9PSxwempyZTlUVC9HOVQ3cE1icXFNaXc3SkdoMUpSLzNWcktFT3FiNzVQSHVNPSxpZHB5SEtFUXRLR1g0UGREZGhjRC9odHQyY3l2S2JDdXQ3enVXeVFFR2VBPQAAAAAAAAAAAAAAAAAAAAAAAAAAAAAAAAAAAAAAAAAAAFF9uNp8dtXgoVQCdnQp9+LKliR7+IUqOss1bYaSDXA="

2022/04/20 12:20:26 [31;1m/Users/geax/code/geax/github.com/0chain/blobber/code/go/0chain.net/blobbercore/reference/collaborator.go:53 [35;1mrecord not found
[0m[33m[0.026ms] [34;1m[rows:0][0m SELECT count(*) FROM "collaborators" WHERE "collaborators"."client_id" = '213297e22c8282ff85d1d5c99f4967636fe68f842c1351b24bd497246cbd26d9'

2022/04/20 12:20:26 [31;1m/Users/geax/code/geax/github.com/0chain/blobber/code/go/0chain.net/blobbercore/stats/filestats.go:65 [35;1mWHERE conditions required
[0m[33m[0.017ms] [34;1m[rows:0][0m UPDATE "file_stats" SET "num_of_block_downloads"=num_of_block_downloads + 1,"updated_at"='2022-04-20 12:20:26.782'

Response body: "aTNqSG9VanhEem5UU1psU2c1OS9tQUpOOTRBMGlnUm1nSmVGdHBycmZnRT0sQXVLNDFhZjR3bjZhcnczcjlwNDAzT2Fqc0gyM2srY3AvT0RWVGhGZHJHaDFTY0VtRDFGS010V05KWkdzcG1vODgyaEF2M1VoTWZOU0hidmxnQllZenc9PSx5aVhFWEJRQzhqN3ZRNFpMWm1NVkIzR01obldpaFRxL09tYXBuVUVsYkx3PSxEM21KUURUdFAxMERRcnd2bXF1bzcyZFM1Nm5XMjFuZnhQTTNUUUZzLzJVPQAAAAAAAAAAAAAAAAAAAAAAAAAAAAAAAAAAAAAAAAAAAFF9uNp8dtXgoVQCdnQp9+LKliR7+IUqOss1bYaSDXA="

2022/04/20 12:20:26 [31;1m/Users/geax/code/geax/github.com/0chain/blobber/code/go/0chain.net/blobbercore/reference/collaborator.go:53 [35;1mQuery: could not match actual sql: "SELECT count(*) FROM "collaborators" WHERE "collaborators"."client_id" = $1" with expected regexp "SELECT "id","path" FROM "reference_objects" WHERE"
[0m[33m[0.021ms] [34;1m[rows:0][0m SELECT count(*) FROM "collaborators" WHERE "collaborators"."client_id" = '213297e22c8282ff85d1d5c99f4967636fe68f842c1351b24bd497246cbd26d9'

Response body: {"code":"download_file","error":"download_file: cannot verify auth ticket: invalid_parameters: Auth ticket is not valid for the resource being requested"}

--- FAIL: TestHandlers_Download (0.04s)
    --- FAIL: TestHandlers_Download/DownloadFile_Unencrypted_return_file (0.00s)
        handler_download_test.go:1035: 
            	Error Trace:	handler_download_test.go:1035
            	Error:      	Not equal: 
            	            	expected: 200
            	            	actual  : 400
            	Test:       	TestHandlers_Download/DownloadFile_Unencrypted_return_file
        handler_download_test.go:1037: 
            	Error Trace:	handler_download_test.go:1037
            	Error:      	Not equal: 
            	            	expected: "\"bW9jaw==\"\n"
            	            	actual  : "{\"code\":\"download_file\",\"error\":\"download_file: couldn't save read marker\"}\n\n"
            	            	
            	            	Diff:
            	            	--- Expected
            	            	+++ Actual
            	            	@@ -1,2 +1,3 @@
            	            	-"bW9jaw=="
            	            	+{"code":"download_file","error":"download_file: couldn't save read marker"}
            	            	 
            	            	+
            	Test:       	TestHandlers_Download/DownloadFile_Unencrypted_return_file
2022/04/20 12:20:26 mock_catcher: check query: 
SELECT allocation_id, type, name, path, content_hash, merkle_root, actual_file_hash, attributes, chunk_size,size,actual_file_size, parent_path
FROM reference_objects
WHERE allocation_id = $1 and deleted_at IS NULL
ORDER BY level desc, path%!(EXTRA string=allocation_handler_load_root)
0chain-core-sdk: [INFO]   2022/04/20 12:20:26.787472 wallet.go:410: ******* Wallet SDK Version:v1.7.2-2-g3237f5c-dirty ******* (InitZCNSDK)

Response body: {"meta_data":{"chunk_size":0,"created_at":"0001-01-01T00:00:00Z","hash":"","lookup_hash":"","name":"","num_of_blocks":0,"path":"/","path_hash":"","size":0,"type":"","updated_at":"0001-01-01T00:00:00Z"},"Ref":{"ID":0,"Type":"","AllocationID":"","LookupHash":"","Name":"","Path":"/","Hash":"","NumBlocks":0,"PathHash":"","ParentPath":"","PathLevel":0,"CustomMeta":"","ContentHash":"","Size":0,"MerkleRoot":"","ActualFileSize":0,"ActualFileHash":"","MimeType":"","WriteMarker":"","ThumbnailSize":0,"ThumbnailHash":"","ActualThumbnailSize":0,"ActualThumbnailHash":"","EncryptedKey":"","Attributes":null,"Children":null,"OnCloud":false,"CommitMetaTxns":null,"CreatedAt":"0001-01-01T00:00:00Z","UpdatedAt":"0001-01-01T00:00:00Z","DeletedAt":null,"ChunkSize":0,"HashToBeComputed":false},"latest_write_marker":null}

Response body: {"error":"invalid_signature: Invalid signature"}

Response body: {"error":"invalid_signature: Invalid signature"}
0chain-core-sdk: [INFO]   2022/04/20 12:20:26.794832 wallet.go:410: ******* Wallet SDK Version:v1.7.2-2-g3237f5c-dirty ******* (InitZCNSDK)

Response body: {"meta_data":{"chunk_size":0,"created_at":"0001-01-01T00:00:00Z","hash":"","lookup_hash":"","name":"","num_of_blocks":0,"path":"/","path_hash":"","size":0,"type":"","updated_at":"0001-01-01T00:00:00Z"},"Ref":{"ID":0,"Type":"","AllocationID":"","LookupHash":"","Name":"","Path":"/","Hash":"","NumBlocks":0,"PathHash":"","ParentPath":"","PathLevel":0,"CustomMeta":"","ContentHash":"","Size":0,"MerkleRoot":"","ActualFileSize":0,"ActualFileHash":"","MimeType":"","WriteMarker":"","ThumbnailSize":0,"ThumbnailHash":"","ActualThumbnailSize":0,"ActualThumbnailHash":"","EncryptedKey":"","Attributes":null,"Children":null,"OnCloud":false,"CommitMetaTxns":null,"CreatedAt":"0001-01-01T00:00:00Z","UpdatedAt":"0001-01-01T00:00:00Z","DeletedAt":null,"ChunkSize":0,"HashToBeComputed":false},"latest_write_marker":null}

Response body: {"code":"invalid_signature","error":"invalid_signature: could not verify the allocation owner or colloborator"}


Response body: {"code":"invalid_signature","error":"invalid_signature: could not verify the allocation owner or colloborator"}

0chain-core-sdk: [INFO]   2022/04/20 12:20:26.814914 wallet.go:410: ******* Wallet SDK Version:v1.7.2-2-g3237f5c-dirty ******* (InitZCNSDK)

2022/04/20 12:20:26 [31;1m/Users/geax/code/geax/github.com/0chain/blobber/code/go/0chain.net/blobbercore/reference/shareinfo.go:77 [35;1mrecord not found
[0m[33m[0.111ms] [34;1m[rows:0][0m SELECT * FROM "marketplace_share_info" WHERE "marketplace_share_info"."client_id" = 'da4b54d934890aa415bb043ce1126f2e30a96faf63a4c65c25bbddcb32824d77' AND "marketplace_share_info"."file_path_hash" = 'f15383a1130bd2fae1e52a7a15c432269eeb7def555f1f8b9b9a28bd9611362c' ORDER BY "marketplace_share_info"."id" LIMIT 1

Response body: {"message":"Share info added successfully"}

Response body: {"message":"Share info added successfully"}

Response body: {"message":"Path successfully removed from allocation","status":204}

Response body: {"message":"Path not found","status":404}

Response body: {"code":"invalid_signature","error":"invalid_signature: Invalid signature"}


Response body: {"code":"invalid_signature","error":"invalid_signature: Invalid signature"}


Response body: {"code":"invalid_signature","error":"invalid_signature: Invalid signature"}


Response body: {"code":"invalid_signature","error":"invalid_signature: Invalid signature"}

0chain-core-sdk: [INFO]   2022/04/20 12:20:26.848188 wallet.go:410: ******* Wallet SDK Version:v1.7.2-2-g3237f5c-dirty ******* (InitZCNSDK)
2022/04/20 12:20:26 mock_catcher: check query: SELECT * FROM "write_locks" WHERE allocation_id=$1 ORDER BY "write_locks"."allocation_id" LIMIT 1%!(EXTRA string=TestHandlers_Lock_allocation_id)

2022/04/20 12:20:26 [31;1m/Users/geax/code/geax/github.com/0chain/blobber/code/go/0chain.net/blobbercore/writemarker/mutex.go:60 [35;1mrecord not found
[0m[33m[0.138ms] [34;1m[rows:0][0m SELECT * FROM "write_locks" WHERE allocation_id='TestHandlers_Lock_allocation_id' ORDER BY "write_locks"."allocation_id" LIMIT 1
2022/04/20 12:20:26 mock_catcher: check query: INSERT INTO "write_locks" ("allocation_id","connection_id","created_at") VALUES ($1,$2,$3)
2022/04/20 12:20:26 mock_catcher: check query: DELETE FROM write_locks WHERE allocation_id = $1 and connection_id = $2 

2022/04/20 12:20:26 [31;1m/Users/geax/code/geax/github.com/0chain/blobber/code/go/0chain.net/blobbercore/allocation/entity.go:151 [35;1mrecord not found
[0m[33m[0.011ms] [34;1m[rows:0][0m SELECT * FROM "pendings" WHERE id='5d0229e0141071c1f88785b1faba4b612582f9d446b02e8d893f1e0d0ce92cdc:mock_allocation_id' ORDER BY "pendings"."id" LIMIT 1

2022/04/20 12:20:26 [31;1m/Users/geax/code/geax/github.com/0chain/blobber/code/go/0chain.net/blobbercore/stats/filestats.go:65 [35;1mWHERE conditions required
[0m[33m[0.018ms] [34;1m[rows:0][0m UPDATE "file_stats" SET "num_of_block_downloads"=num_of_block_downloads + 1,"updated_at"='2022-04-20 12:20:26.893'

2022/04/20 12:20:26 [31;1m/Users/geax/code/geax/github.com/0chain/blobber/code/go/0chain.net/blobbercore/allocation/entity.go:151 [35;1mrecord not found
[0m[33m[0.030ms] [34;1m[rows:0][0m SELECT * FROM "pendings" WHERE id='5d0229e0141071c1f88785b1faba4b612582f9d446b02e8d893f1e0d0ce92cdc:mock_allocation_id' ORDER BY "pendings"."id" LIMIT 1

2022/04/20 12:20:26 [31;1m/Users/geax/code/geax/github.com/0chain/blobber/code/go/0chain.net/blobbercore/stats/filestats.go:65 [35;1mWHERE conditions required
[0m[33m[0.043ms] [34;1m[rows:0][0m UPDATE "file_stats" SET "num_of_block_downloads"=num_of_block_downloads + 1,"updated_at"='2022-04-20 12:20:26.896'

2022/04/20 12:20:26 [31;1m/Users/geax/code/geax/github.com/0chain/blobber/code/go/0chain.net/blobbercore/allocation/entity.go:151 [35;1mrecord not found
[0m[33m[0.021ms] [34;1m[rows:0][0m SELECT * FROM "pendings" WHERE id='5d0229e0141071c1f88785b1faba4b612582f9d446b02e8d893f1e0d0ce92cdc:mock_allocation_id' ORDER BY "pendings"."id" LIMIT 1

2022/04/20 12:20:26 [31;1m/Users/geax/code/geax/github.com/0chain/blobber/code/go/0chain.net/blobbercore/stats/filestats.go:65 [35;1mWHERE conditions required
[0m[33m[0.026ms] [34;1m[rows:0][0m UPDATE "file_stats" SET "num_of_block_downloads"=num_of_block_downloads + 1,"updated_at"='2022-04-20 12:20:26.902'

2022/04/20 12:20:26 [31;1m/Users/geax/code/geax/github.com/0chain/blobber/code/go/0chain.net/blobbercore/allocation/entity.go:151 [35;1mrecord not found
[0m[33m[0.025ms] [34;1m[rows:0][0m SELECT * FROM "pendings" WHERE id='5d0229e0141071c1f88785b1faba4b612582f9d446b02e8d893f1e0d0ce92cdc:mock_allocation_id' ORDER BY "pendings"."id" LIMIT 1

2022/04/20 12:20:26 [31;1m/Users/geax/code/geax/github.com/0chain/blobber/code/go/0chain.net/blobbercore/stats/filestats.go:65 [35;1mWHERE conditions required
[0m[33m[0.025ms] [34;1m[rows:0][0m UPDATE "file_stats" SET "num_of_block_downloads"=num_of_block_downloads + 1,"updated_at"='2022-04-20 12:20:26.906'

2022/04/20 12:20:26 [31;1m/Users/geax/code/geax/github.com/0chain/blobber/code/go/0chain.net/blobbercore/allocation/entity.go:151 [35;1mrecord not found
[0m[33m[0.019ms] [34;1m[rows:0][0m SELECT * FROM "pendings" WHERE id='5d0229e0141071c1f88785b1faba4b612582f9d446b02e8d893f1e0d0ce92cdc:mock_allocation_id' ORDER BY "pendings"."id" LIMIT 1

2022/04/20 12:20:26 [31;1m/Users/geax/code/geax/github.com/0chain/blobber/code/go/0chain.net/blobbercore/stats/filestats.go:65 [35;1mWHERE conditions required
[0m[33m[0.030ms] [34;1m[rows:0][0m UPDATE "file_stats" SET "num_of_block_downloads"=num_of_block_downloads + 1,"updated_at"='2022-04-20 12:20:26.912'

2022/04/20 12:20:26 [31;1m/Users/geax/code/geax/github.com/0chain/blobber/code/go/0chain.net/blobbercore/allocation/entity.go:151 [35;1mrecord not found
[0m[33m[0.011ms] [34;1m[rows:0][0m SELECT * FROM "pendings" WHERE id='9a566aa4f8e8c342fed97c8928040a21f21b8f574e5782c28568635ba9c75a85:mock_allocation_id' ORDER BY "pendings"."id" LIMIT 1

2022/04/20 12:20:26 [31;1m/Users/geax/code/geax/github.com/0chain/blobber/code/go/0chain.net/blobbercore/stats/filestats.go:65 [35;1mWHERE conditions required
[0m[33m[0.018ms] [34;1m[rows:0][0m UPDATE "file_stats" SET "num_of_block_downloads"=num_of_block_downloads + 1,"updated_at"='2022-04-20 12:20:26.917'

2022/04/20 12:20:26 [31;1m/Users/geax/code/geax/github.com/0chain/blobber/code/go/0chain.net/blobbercore/allocation/entity.go:151 [35;1mrecord not found
[0m[33m[0.011ms] [34;1m[rows:0][0m SELECT * FROM "pendings" WHERE id='9a566aa4f8e8c342fed97c8928040a21f21b8f574e5782c28568635ba9c75a85:mock_allocation_id' ORDER BY "pendings"."id" LIMIT 1

2022/04/20 12:20:26 [31;1m/Users/geax/code/geax/github.com/0chain/blobber/code/go/0chain.net/blobbercore/stats/filestats.go:65 [35;1mWHERE conditions required
[0m[33m[0.016ms] [34;1m[rows:0][0m UPDATE "file_stats" SET "num_of_block_downloads"=num_of_block_downloads + 1,"updated_at"='2022-04-20 12:20:26.923'

2022/04/20 12:20:26 [31;1m/Users/geax/code/geax/github.com/0chain/blobber/code/go/0chain.net/blobbercore/allocation/entity.go:151 [35;1mrecord not found
[0m[33m[0.038ms] [34;1m[rows:0][0m SELECT * FROM "pendings" WHERE id='9a566aa4f8e8c342fed97c8928040a21f21b8f574e5782c28568635ba9c75a85:mock_allocation_id' ORDER BY "pendings"."id" LIMIT 1

2022/04/20 12:20:26 [31;1m/Users/geax/code/geax/github.com/0chain/blobber/code/go/0chain.net/blobbercore/stats/filestats.go:65 [35;1mWHERE conditions required
[0m[33m[0.014ms] [34;1m[rows:0][0m UPDATE "file_stats" SET "num_of_block_downloads"=num_of_block_downloads + 1,"updated_at"='2022-04-20 12:20:26.927'
FAIL
FAIL	github.com/0chain/blobber/code/go/0chain.net/blobbercore/handler	0.692s
?   	github.com/0chain/blobber/code/go/0chain.net/blobbercore/mock	[no test files]
?   	github.com/0chain/blobber/code/go/0chain.net/blobbercore/readmarker	[no test files]
ok  	github.com/0chain/blobber/code/go/0chain.net/blobbercore/reference	1.052s
?   	github.com/0chain/blobber/code/go/0chain.net/blobbercore/stats	[no test files]
?   	github.com/0chain/blobber/code/go/0chain.net/blobbercore/util	[no test files]
ok  	github.com/0chain/blobber/code/go/0chain.net/blobbercore/writemarker	1.906s
?   	github.com/0chain/blobber/code/go/0chain.net/conductor	[no test files]
?   	github.com/0chain/blobber/code/go/0chain.net/conductor/conductrpc	[no test files]
?   	github.com/0chain/blobber/code/go/0chain.net/conductor/config	[no test files]
?   	github.com/0chain/blobber/code/go/0chain.net/core/build	[no test files]
?   	github.com/0chain/blobber/code/go/0chain.net/core/cache	[no test files]
?   	github.com/0chain/blobber/code/go/0chain.net/core/chain	[no test files]
?   	github.com/0chain/blobber/code/go/0chain.net/core/common	[no test files]
?   	github.com/0chain/blobber/code/go/0chain.net/core/config	[no test files]
ok  	github.com/0chain/blobber/code/go/0chain.net/core/encryption	1.939s
ok  	github.com/0chain/blobber/code/go/0chain.net/core/lock	1.224s
?   	github.com/0chain/blobber/code/go/0chain.net/core/logging	[no test files]
?   	github.com/0chain/blobber/code/go/0chain.net/core/node	[no test files]
?   	github.com/0chain/blobber/code/go/0chain.net/core/transaction	[no test files]
?   	github.com/0chain/blobber/code/go/0chain.net/core/util	[no test files]
?   	github.com/0chain/blobber/code/go/0chain.net/dev	[no test files]
?   	github.com/0chain/blobber/code/go/0chain.net/dev/miner	[no test files]
?   	github.com/0chain/blobber/code/go/0chain.net/dev/sharder	[no test files]
?   	github.com/0chain/blobber/code/go/0chain.net/validator	[no test files]
?   	github.com/0chain/blobber/code/go/0chain.net/validatorcore/config	[no test files]
ok  	github.com/0chain/blobber/code/go/0chain.net/validatorcore/storage	0.493s
ok  	github.com/0chain/blobber/code/go/0chain.net/validatorcore/storage/writemarker	1.426s
FAIL
